// Vitest Snapshot v1, https://vitest.dev/guide/snapshot.html

exports[`parity: price/weight ranges and soft vs hard > snapshot: mid budget and portable 1`] = `[]`;
